
								p gina: 1 

 Listado Fuente: Ej06P109.lst
 Programa Fuente en: Ej06P109.asm
 Fecha: Sat Jan 10 17:27:54 2009

 ÚDir.ÚCodigo maquina	 Linea¿	ÚCodigo en lenguaje ensamble

			      1	                               ORG  1000H
 1000 34 12		      2	                   PARAM1     dw       1234H
 1002 BC 5A		      3	                   PARAM2     dw       5abcH
			      4	
			      5					ORG  3000H
 3000 8B DC		      6			SWAP :          MOV  BX, SP
 3002 81 C3 04 00	      7					ADD  BX, 4
 3006 8B 0F		      8					MOV  CX, [BX]
 3008 81 EB 02 00	      9					SUB  BX, 2
 300C 8B 17		     10					MOV  DX, [BX]
 300E 8B D9		     11					MOV  BX, CX
 3010 8B 07		     12					MOV  AX, [BX]
 3012 50		     13					PUSH AX
 3013 8B DA		     14					MOV  BX, DX
 3015 8B 07		     15					MOV  AX, [BX]
 3017 8B D9		     16					MOV  BX, CX
 3019 89 07		     17					MOV  [BX], AX
 301B 58		     18					POP AX
 301C 8B DA		     19					MOV  BX, DX
 301E 89 07		     20					MOV [BX], AX
 3020 C3		     21					RET
			     22	
			     23					ORG  2000H
 2000 B8 00 10		     24					MOV  AX, OFFSET
				 PARAM1
 2003 50		     25					PUSH  AX
 2004 B8 02 10		     26					MOV  AX, OFFSET
				 PARAM2
 2007 50		     27					PUSH  AX
 2008 E8 00 30		     28					CALL SWAP
 200B F4		     29					HLT
			     30					END


 S I M B O L O S:

 Nombre:	Tipo:		Valor:

 PARAM1  	Word		1000h
 PARAM2  	Word		1002h
 SWAP    	Label		3000h